// Jest Snapshot v1, https://jestjs.io/docs/snapshot-testing

exports[`LoadingSpinner matches snapshot for the default variant / size 1`] = `
<div
  class="flex min-h-screen items-center justify-center bg-gradient-to-b from-[#6ca0c1] to-[#507fa1]"
>
  <span
    class="loading loading-spinner loading-lg"
  />
</div>
`;
