// Jest Snapshot v1, https://jestjs.io/docs/snapshot-testing

exports[`Button matches snapshot 1`] = `
<DocumentFragment>
  <button
    class="btn w-full rounded-full border-none text-white font-semibold tracking-wide transition-transform duration-200 snapshot-btn"
    style="background-color: rgb(80, 127, 161);"
    type="button"
  >
    Snapshot
  </button>
</DocumentFragment>
`;
