// Jest Snapshot v1, https://jestjs.io/docs/snapshot-testing

exports[`FormField matches snapshot for default props 1`] = `
<div
  class="form-control w-full mb-6 space-y-1 "
>
  <label
    class="label"
  >
    <span
      class="label-text font-medium"
    >
      Username
    </span>
  </label>
  <input
    class="input input-bordered w-full rounded-full"
    name="username"
    placeholder="Enter username"
    type="text"
  />
</div>
`;
